root@eltex-practice2-pg1-v15:~# journalctl -b -o short-monotonic | grep '^\[[[:space:]]*\(20\|1[0-9]\|[0-9]\)\.' | less

root@eltex-practice2-pg1-v15:/# find / -name auth.log
/var/log/auth.log
root@eltex-practice2-pg1-v15:~# awk '{for(i=3; i<=NF; i++) printf $i " "; print ""}' /var/log/auth.log | sed 's/\[[^]]\+\]://' | sort
CRON pam_unix(cron:session): session closed for user root
CRON pam_unix(cron:session): session opened for user root(uid=0) by root(uid=0)
sshd Accepted publickey for root from 172.16.8.4 port 38898 ssh2: RSA SHA256:qKjD2YxZjn8b0tGkNafg2s23bE6qP2PVp+K92OLqb14
sshd Disconnected from user root 172.16.8.4 port 56330
sshd pam_unix(sshd:session): session closed for user root
sshd Received disconnect from 172.16.8.4 port 56330:11: disconnected by user
sudo: pam_unix(sudo:session): session closed for user root
sudo: root : TTY=pts/0 ; PWD=/root ; USER=root ; COMMAND=/usr/bin/apt-get intall bzip2
systemd-logind New session 2131 of user root.
systemd-logind Removed session 2132.
systemd-logind Session 1794 logged out. Waiting for processes to exit.

root@eltex-practice2-pg1-v15:~# awk '{for(i=3; i<=NF; i++) printf $i " "; print ""}' /var/log/auth.log | sed 's/\[[^]]\+\]://' | sort | awk '{print $1}' | uniq -c
   1134 CRON
     15 sshd
      9 sudo:
      9 systemd-logind

root@eltex-practice2-pg1-v15:~# awk '{print}' /etc/passwd | grep '/usr/sbin/nologin' | awk -F':' '{print $3" "$1" "$4}' | sort -nr

root@eltex-practice2-pg1-v15:~# dmesg | grep 'kernel'
[    0.044457] Booting paravirtualized kernel on KVM
[    0.110427] Memory: 3926048K/4193760K available (22528K kernel code, 4438K rwdata, 14412K rodata, 4924K init, 4788K bss, 267452K reserved, 0K cma-reserved)
[    0.812542] Loaded X.509 cert 'Build time autogenerated kernel key: 05121a06f1594ef7d7e475e00608841dc108b5e8'
[    0.965384] Loaded X.509 cert 'Build time autogenerated kernel key: 05121a06f1594ef7d7e475e00608841dc108b5e8'
[    1.024087] Freeing unused kernel image (initmem) memory: 4924K
[    1.026969] Write protecting the kernel read-only data: 38912k
[    1.030974] Freeing unused kernel image (rodata/data gap) memory: 1972K
[    4.250899] systemd[1]: Listening on systemd-udevd-kernel.socket - udev Kernel Socket.
[    4.293477] systemd[1]: Mounting sys-kernel-debug.mount - Kernel Debug File System...
[    4.301072] systemd[1]: Mounting sys-kernel-tracing.mount - Kernel Trace File System...

root@eltex-practice2-pg1-v15:~# wc -l /var/log/kern.log
44 /var/log/kern.log